/src/a/a.go:28: Use 'if err != nil' or leave a comment: 'if err := doSomething(); err == nil {'
/src/a/a.go:33: Use 'if err != nil' or leave a comment: 'if err := doSomething(); nil == err {'
